// Vitest Snapshot v1, https://vitest.dev/guide/snapshot.html

exports[`ensures stable snapshot formatting 1`] = `<button type="button">Click me</button>`;

exports[`ensures stable snapshot formatting 2`] = `
<form
  name="login"
  autocomplete="on"
  novalidate=""
  action="/login"
  method="post"
>
  <div class="form-field">
    <label for="username"
      >Email Address<input
        id="username"
        type="email"
        autocomplete="username"
        required=""
        autofocus=""
        name="username"
    /></label>
  </div>
  <div class="form-field">
    <label for="password"
      >Password<input
        id="password"
        type="password"
        autocomplete="current-password"
        minlength="8"
        required=""
        name="password"
    /></label>
  </div>
  <button type="submit">Sign in</button>
  <footer>
    <p class="login-help">
      Forgot password?
      <a
        class="login-help-link"
        href="/login/password-reset"
        >Reset it here</a
      >.
    </p>
  </footer>
</form>
`;

exports[`ensures stable snapshot formatting 3`] = `
<section>
  <h1>Hedy Lamarr</h1>
  <ul>
    <li><strong>Profession:</strong> Actress and inventor</li>
    <li><strong>Awards:</strong> National Inventors Hall of Fame</li>
    <li><strong>Born:</strong> November 9, 1914</li>
  </ul>
  <p>
    Hedy Lamarr was an Austrian-born American actress and inventor who pioneered
    early techniques for spread spectrum communications.
  </p>
</section>
`;
